<Level>
    <EditorSession>
        <Performance CamClipPlanes="0.05 1000" LightsActive="true" PSActive="true" ShowFog="true" ShowSkybox="true" WorldReflection="true" />
        <ViewportConfig BGColor="0.2 0.2 0.2 1" GAmbientLight="true" GPointLight="true" GridSnap="true" GridSnapSeparation="0.25" SelectedViewport="3" UsingEnlargedViewport="true">
            <Viewport CameraPosition="8 1.35999 173.999" CameraTarget="8 1.35999 -6" CameraZoom="0" GridHeight="-6" GridPlane="2" Preset="0" RenderMode="1" ShowAxes="true" ShowGrid="true" UsingLTCam="true" />
            <Viewport CameraPosition="188 1.35999 -6" CameraTarget="8 1.35999 -6" CameraZoom="0" GridHeight="8" GridPlane="0" Preset="1" RenderMode="1" ShowAxes="true" ShowGrid="true" UsingLTCam="true" />
            <Viewport CameraPosition="8.00144 179.861 -6.01902" CameraTarget="8.00144 -0.14 -6.01902" CameraZoom="0" GridHeight="-0.14" GridPlane="1" Preset="2" RenderMode="1" ShowAxes="true" ShowGrid="true" UsingLTCam="true" />
            <Viewport CameraPosition="13.9193 13.8597 -17.3318" CameraTarget="8.72414 -0.14 -7.5242" CameraZoom="1.02916" GridHeight="-0.14" GridPlane="1" Preset="3" RenderMode="0" ShowAxes="true" ShowGrid="true" UsingLTCam="true" />
        </ViewportConfig>
        <Groups>
            <Group ID="0" Name="None" Visible="true" />
        </Groups>
    </EditorSession>
    <MapData FogActive="false" FogColor="1 1 1 1" FogCulling="true" FogEnd="20" FogFalloffExp="1" FogStart="0" GlobalDecalMaxTris="300" Name="" SkyBoxActive="false" SkyBoxColor="1 1 1 1" SkyBoxTexture="">
        <MapContents>
            <FileIndex_StaticObjects NumOfFiles="7">
                <File Id="0" Path="static_objects/mansionbase/wall/door_frame.dae" />
                <File Id="1" Path="static_objects/mansionbase/wall/default02.dae" />
                <File Id="2" Path="static_objects/mansionbase/wall/door_way02.dae" />
                <File Id="3" Path="static_objects/mansionbase/wall/window02_large_yellow.dae" />
                <File Id="4" Path="static_objects/castlebase/wall/default.dae" />
                <File Id="5" Path="static_objects/castlebase/wall/door_way.dae" />
                <File Id="6" Path="static_objects/castlebase/wall/door_frame.dae" />
            </FileIndex_StaticObjects>
            <FileIndex_Entities NumOfFiles="33">
                <File Id="0" Path="entities/furniture/bed_nice/bed_nice.ent" />
                <File Id="1" Path="entities/furniture/chest_of_drawers_nice/chest_of_drawers_nice.ent" />
                <File Id="2" Path="entities/furniture/work_desk/work_desk.ent" />
                <File Id="3" Path="entities/furniture/work_desk/work_desk_door.ent" />
                <File Id="4" Path="entities/item/note_paper01/note_paper01.ent" />
                <File Id="5" Path="entities/item/note_generic/note_generic.ent" />
                <File Id="6" Path="entities/desktop/ink_bottle/ink_bottle.ent" />
                <File Id="7" Path="entities/desktop/paperpile03/paperpile03.ent" />
                <File Id="8" Path="entities/door/mansion/mansion.ent" />
                <File Id="9" Path="entities/item/key_study/key_study.ent" />
                <File Id="10" Path="entities/furniture/chair_nice02/chair_nice02.ent" />
                <File Id="11" Path="entities/furniture/cabinet_nice/cabinet_nice.ent" />
                <File Id="12" Path="entities/furniture/armchair/armchair.ent" />
                <File Id="13" Path="entities/lamp/candlestick02/candlestick02.ent" />
                <File Id="14" Path="entities/furniture/table_nice_round/table_nice_round.ent" />
                <File Id="15" Path="entities/furniture/display/display.ent" />
                <File Id="16" Path="entities/item/potion_sanity/potion_sanity.ent" />
                <File Id="17" Path="entities/furniture/chair_nice01/chair_nice01.ent" />
                <File Id="18" Path="entities/furniture/piano/piano.ent" />
                <File Id="19" Path="entities/furniture/stove_dungeon_front01/stove_dungeon_front01.ent" />
                <File Id="20" Path="entities/item/lantern/lantern.ent" />
                <File Id="21" Path="entities/item/potion_oil/potion_oil.ent" />
                <File Id="22" Path="entities/furniture/table_nice02/table_nice02.ent" />
                <File Id="23" Path="entities/desktop/paperpile02/paperpile02.ent" />
                <File Id="24" Path="entities/organic/grunt_body_part/grunt_body_part2.ent" />
                <File Id="25" Path="entities/item/potion_health/potion_health.ent" />
                <File Id="26" Path="entities/cloth/shirts/shirt_hanging_white/shirt_hanging_white.ent" />
                <File Id="27" Path="entities/furniture/work_desk_worn/work_desk_worn.ent" />
                <File Id="28" Path="entities/item/tinderbox/tinderbox.ent" />
                <File Id="29" Path="entities/door/level_cellar/level_celler.ent" />
                <File Id="30" Path="entities/desktop/paper03/paper03.ent" />
                <File Id="31" Path="entities/desktop/paperpile01/paperpile01.ent" />
                <File Id="32" Path="entities/desktop/paper01/paper01.ent" />
            </FileIndex_Entities>
            <FileIndex_Decals NumOfFiles="0" />
            <StaticObjects>
                <StaticObject CastShadows="true" Collides="true" FileIndex="1" Group="0" ID="21" Name="wall_default02_1" Rotation="0 1.5708 0" Scale="1 1 1" Tag="" WorldPos="0 -0.25 -2" />
                <StaticObject CastShadows="true" Collides="true" FileIndex="1" Group="0" ID="22" Name="wall_default02_2" Rotation="0 1.5708 0" Scale="1 1 1" Tag="" WorldPos="0 -0.25 -6" />
                <StaticObject CastShadows="true" Collides="true" FileIndex="1" Group="0" ID="23" Name="wall_default02_3" Rotation="3.14159 -1.5708 3.14159" Scale="1 1 1" Tag="" WorldPos="8 -0.25 -2" />
                <StaticObject CastShadows="true" Collides="true" FileIndex="1" Group="0" ID="27" Name="wall_default02_4" Rotation="3.14159 2.38498e-008 3.14159" Scale="1 1 1" Tag="" WorldPos="6 -0.25 0" />
                <StaticObject CastShadows="true" Collides="true" FileIndex="1" Group="0" ID="28" Name="wall_default02_5" Rotation="3.14159 2.38498e-008 3.14159" Scale="1 1 1" Tag="" WorldPos="2 -0.25 0" />
                <StaticObject CastShadows="true" Collides="true" FileIndex="1" Group="0" ID="29" Name="wall_default02_6" Rotation="6.28319 -4.41868e-006 6.28319" Scale="1 1 1" Tag="" WorldPos="6 -0.25 -8" />
                <StaticObject CastShadows="true" Collides="true" FileIndex="1" Group="0" ID="30" Name="wall_default02_7" Rotation="6.28319 -4.41868e-006 6.28319" Scale="1 1 1" Tag="" WorldPos="2 -0.25 -8" />
                <StaticObject CastShadows="true" Collides="true" FileIndex="2" Group="0" ID="36" Name="wall_door_way02_1" Rotation="3.14159 -1.5708 3.14159" Scale="1 1 1" Tag="" WorldPos="8 -0.25 -6" />
                <StaticObject CastShadows="true" Collides="true" FileIndex="0" Group="0" ID="37" Name="wall_door_frame_1" Rotation="3.14159 -1.5708 3.14159" Scale="1 1 1" Tag="" WorldPos="8 -0.139762 -6" />
                <StaticObject CastShadows="true" Collides="true" FileIndex="1" Group="0" ID="47" Name="wall_default02_8" Rotation="3.14159 2.38498e-008 3.14159" Scale="1 1 1" Tag="" WorldPos="10 -0.25 0" />
                <StaticObject CastShadows="true" Collides="true" FileIndex="1" Group="0" ID="48" Name="wall_default02_9" Rotation="3.14159 2.38498e-008 3.14159" Scale="1 1 1" Tag="" WorldPos="18 -0.25 0" />
                <StaticObject CastShadows="true" Collides="true" FileIndex="2" Group="0" ID="49" Name="wall_door_way02_2" Rotation="-3.14159 -5.84126e-006 3.14159" Scale="1 1 1" Tag="" WorldPos="14 -0.25 0" />
                <StaticObject CastShadows="true" Collides="true" FileIndex="2" Group="0" ID="50" Name="wall_door_way02_3" Rotation="-3.14159 -5.84126e-006 3.14159" Scale="1 1 1" Tag="" WorldPos="22 -0.25 0" />
                <StaticObject CastShadows="true" Collides="true" FileIndex="0" Group="0" ID="51" Name="wall_door_frame_2" Rotation="0 0 0" Scale="1 1 1" Tag="" WorldPos="14 -0.14 0" />
                <StaticObject CastShadows="true" Collides="true" FileIndex="0" Group="0" ID="52" Name="wall_door_frame_3" Rotation="0 0 0" Scale="1 1 1" Tag="" WorldPos="22 -0.14 0" />
                <StaticObject CastShadows="true" Collides="true" FileIndex="1" Group="0" ID="56" Name="wall_default02_10" Rotation="2.6226e-006 4.41868e-006 -2.6226e-006" Scale="1 1 1" Tag="" WorldPos="10 -0.25 -8" />
                <StaticObject CastShadows="true" Collides="true" FileIndex="2" Group="0" ID="57" Name="wall_door_way02_4" Rotation="-1.12057e-005 1.5708 -1.62125e-005" Scale="1 1 1" Tag="" WorldPos="8 -0.25 -6" />
                <StaticObject CastShadows="true" Collides="true" FileIndex="1" Group="0" ID="58" Name="wall_default02_11" Rotation="-1.12057e-005 1.5708 -1.62125e-005" Scale="1 1 1" Tag="" WorldPos="8 -0.25 -2" />
                <StaticObject CastShadows="true" Collides="true" FileIndex="1" Group="0" ID="59" Name="wall_default02_12" Rotation="2.6226e-006 4.41868e-006 -2.6226e-006" Scale="1 1 1" Tag="" WorldPos="14 -0.25 -8" />
                <StaticObject CastShadows="true" Collides="true" FileIndex="1" Group="0" ID="60" Name="wall_default02_13" Rotation="2.6226e-006 4.41868e-006 -2.6226e-006" Scale="1 1 1" Tag="" WorldPos="22 -0.25 -8" />
                <StaticObject CastShadows="true" Collides="true" FileIndex="1" Group="0" ID="61" Name="wall_default02_14" Rotation="2.6226e-006 4.41868e-006 -2.6226e-006" Scale="1 1 1" Tag="" WorldPos="18 -0.25 -8" />
                <StaticObject CastShadows="true" Collides="true" FileIndex="1" Group="0" ID="62" Name="wall_default02_15" Rotation="1.09182e-007 -1.5708 -5.11597e-006" Scale="1 1 1" Tag="" WorldPos="24 -0.25 -2" />
                <StaticObject CastShadows="true" Collides="true" FileIndex="3" Group="0" ID="66" Name="wall_window02_large_yellow_1" Rotation="0 -1.5708 0" Scale="1 1 1" Tag="" WorldPos="24 -0.25 -6" />
                <StaticObject CastShadows="true" Collides="true" FileIndex="1" Group="0" ID="91" Name="wall_default02_16" Rotation="2.6226e-006 -4.46638e-006 -2.6226e-006" Scale="1 1 1" Tag="" WorldPos="18 -0.25 0" />
                <StaticObject CastShadows="true" Collides="true" FileIndex="2" Group="0" ID="92" Name="wall_door_way02_5" Rotation="-2.6226e-006 1.02838e-005 -2.6226e-006" Scale="1 1 1" Tag="" WorldPos="22 -0.25 0" />
                <StaticObject CastShadows="true" Collides="true" FileIndex="1" Group="0" ID="93" Name="wall_default02_17" Rotation="-1.12057e-005 1.5708 -1.62125e-005" Scale="1 1 1" Tag="" WorldPos="16 -0.25 2" />
                <StaticObject CastShadows="true" Collides="true" FileIndex="1" Group="0" ID="94" Name="wall_default02_18" Rotation="-1.12057e-005 1.5708 -1.62125e-005" Scale="1 1 1" Tag="" WorldPos="16 -0.25 6" />
                <StaticObject CastShadows="true" Collides="true" FileIndex="1" Group="0" ID="95" Name="wall_default02_19" Rotation="3.14154 -1.5708 -3.14155" Scale="1 1 1" Tag="" WorldPos="24 -0.25 6" />
                <StaticObject CastShadows="true" Collides="true" FileIndex="1" Group="0" ID="96" Name="wall_default02_20" Rotation="3.14154 -1.5708 -3.14155" Scale="1 1 1" Tag="" WorldPos="24 -0.25 2" />
                <StaticObject CastShadows="true" Collides="true" FileIndex="1" Group="0" ID="103" Name="wall_default02_21" Rotation="3.14159 -1.43051e-006 3.14159" Scale="1 1 1" Tag="" WorldPos="18 -0.25 8" />
                <StaticObject CastShadows="true" Collides="true" FileIndex="1" Group="0" ID="104" Name="wall_default02_22" Rotation="3.14159 -1.43051e-006 3.14159" Scale="1 1 1" Tag="" WorldPos="22 -0.25 8" />
                <StaticObject CastShadows="true" Collides="true" FileIndex="5" Group="0" ID="124" Name="wall_door_way_1" Rotation="0 0 0" Scale="1 1 1" Tag="" WorldPos="14 -0.25 0.25" />
                <StaticObject CastShadows="true" Collides="true" FileIndex="4" Group="0" ID="125" Name="wall_default_1" Rotation="0 0 0" Scale="1 1 1" Tag="" WorldPos="10 -0.25 0.25" />
                <StaticObject CastShadows="true" Collides="true" FileIndex="4" Group="0" ID="126" Name="wall_default_2" Rotation="0 1.5708 0" Scale="1 1 1" Tag="" WorldPos="8 -0.25 2.25" />
                <StaticObject CastShadows="true" Collides="true" FileIndex="4" Group="0" ID="127" Name="wall_default_3" Rotation="0 1.5708 0" Scale="1 1 1" Tag="" WorldPos="8 -0.25 6.25" />
                <StaticObject CastShadows="true" Collides="true" FileIndex="4" Group="0" ID="128" Name="wall_default_4" Rotation="3.14159 4.44253e-006 3.14159" Scale="1 1 1" Tag="" WorldPos="10 -0.25 8.25" />
                <StaticObject CastShadows="true" Collides="true" FileIndex="4" Group="0" ID="129" Name="wall_default_5" Rotation="3.14159 -1.5708 3.14159" Scale="1 1 1" Tag="" WorldPos="16 -0.25 6.25" />
                <StaticObject CastShadows="true" Collides="true" FileIndex="4" Group="0" ID="130" Name="wall_default_6" Rotation="3.14159 -1.5708 3.14159" Scale="1 1 1" Tag="" WorldPos="16 -0.25 2.25" />
                <StaticObject CastShadows="true" Collides="true" FileIndex="5" Group="0" ID="143" Name="wall_door_way_2" Rotation="3.14159 4.26768e-006 3.14159" Scale="1 1 1" Tag="" WorldPos="14 -0.25 8.25" />
                <StaticObject CastShadows="true" Collides="true" FileIndex="6" Group="0" ID="144" Name="wall_door_frame_4" Rotation="0 1.74846e-007 0" Scale="1 1 1" Tag="" WorldPos="14 0 8.25" />
            </StaticObjects>
            <Primitives>
                <Plane Active="true" AlignToWorldCoords="false" CastShadows="false" Collides="true" Corner1UV="0 8" Corner2UV="0 0" Corner3UV="8 0" Corner4UV="8 8" EndCorner="8 0 8" Group="0" ID="0" Material="C:/Program Files/Amnesia - The Dark Descent/redist/static_objects/mansionbase/floor/mansionbase_floor.mat" Name="Plane" Rotation="0 0 0" Scale="1 1 1" StartCorner="0 0 0" Tag="" TextureAngle="0" TileAmount="1 1 1" TileOffset="0 0 0" WorldPos="0 0 -8" />
                <Plane Active="true" AlignToWorldCoords="false" CastShadows="false" Collides="true" Corner1UV="0 8" Corner2UV="0 0" Corner3UV="8 0" Corner4UV="8 8" EndCorner="8 0 8" Group="0" ID="44" Material="C:/Program Files/Amnesia - The Dark Descent/redist/static_objects/mansionbase/ceiling/mansionbase_ceiling_wood.mat" Name="Plane_1" Rotation="-3.14159 0 0" Scale="1 1 1" StartCorner="0 0 0" Tag="" TextureAngle="0" TileAmount="1 1 1" TileOffset="0 0 0" WorldPos="0 3.75 0" />
                <Plane Active="true" AlignToWorldCoords="false" CastShadows="false" Collides="true" Corner1UV="0 8" Corner2UV="0 0" Corner3UV="8 0" Corner4UV="8 8" EndCorner="8 0 8" Group="0" ID="45" Material="C:/Program Files/Amnesia - The Dark Descent/redist/static_objects/mansionbase/floor/mansionbase_floor.mat" Name="Plane_2" Rotation="0 0 0" Scale="1 1 1" StartCorner="0 0 0" Tag="" TextureAngle="0" TileAmount="1 1 1" TileOffset="0 0 0" WorldPos="8 0 -8" />
                <Plane Active="true" AlignToWorldCoords="false" CastShadows="false" Collides="true" Corner1UV="0 8" Corner2UV="0 0" Corner3UV="8 0" Corner4UV="8 8" EndCorner="8 0 8" Group="0" ID="46" Material="C:/Program Files/Amnesia - The Dark Descent/redist/static_objects/mansionbase/floor/mansionbase_floor.mat" Name="Plane_3" Rotation="0 0 0" Scale="1 1 1" StartCorner="0 0 0" Tag="" TextureAngle="0" TileAmount="1 1 1" TileOffset="0 0 0" WorldPos="16 0 -8" />
                <Plane Active="true" AlignToWorldCoords="false" CastShadows="false" Collides="true" Corner1UV="0 8" Corner2UV="0 0" Corner3UV="8 0" Corner4UV="8 8" EndCorner="8 0 8" Group="0" ID="64" Material="C:/Program Files/Amnesia - The Dark Descent/redist/static_objects/mansionbase/ceiling/mansionbase_ceiling_wood.mat" Name="Plane_4" Rotation="-3.14159 0 0" Scale="1 1 1" StartCorner="0 0 0" Tag="" TextureAngle="0" TileAmount="1 1 1" TileOffset="0 0 0" WorldPos="8 3.75 0" />
                <Plane Active="true" AlignToWorldCoords="false" CastShadows="false" Collides="true" Corner1UV="0 8" Corner2UV="0 0" Corner3UV="8 0" Corner4UV="8 8" EndCorner="8 0 8" Group="0" ID="65" Material="C:/Program Files/Amnesia - The Dark Descent/redist/static_objects/mansionbase/ceiling/mansionbase_ceiling_wood.mat" Name="Plane_5" Rotation="-3.14159 0 0" Scale="1 1 1" StartCorner="0 0 0" Tag="" TextureAngle="0" TileAmount="1 1 1" TileOffset="0 0 0" WorldPos="16 3.75 0" />
                <Plane Active="true" AlignToWorldCoords="false" CastShadows="false" Collides="true" Corner1UV="0 8" Corner2UV="0 0" Corner3UV="8 0" Corner4UV="8 8" EndCorner="8 0 8" Group="0" ID="90" Material="C:/Program Files/Amnesia - The Dark Descent/redist/static_objects/mansionbase/floor/mansionbase_floor.mat" Name="Plane_6" Rotation="0 0 0" Scale="1 1 1" StartCorner="0 0 0" Tag="" TextureAngle="0" TileAmount="1 1 1" TileOffset="0 0 0" WorldPos="16 0 0" />
                <Plane Active="true" AlignToWorldCoords="false" CastShadows="false" Collides="true" Corner1UV="0 8" Corner2UV="0 0" Corner3UV="8 0" Corner4UV="8 8" EndCorner="8 0 8" Group="0" ID="102" Material="C:/Program Files/Amnesia - The Dark Descent/redist/static_objects/mansionbase/ceiling/mansionbase_ceiling_wood.mat" Name="Plane_7" Rotation="-3.14159 0 0" Scale="1 1 1" StartCorner="0 0 0" Tag="" TextureAngle="0" TileAmount="1 1 1" TileOffset="0 0 0" WorldPos="16 3.75 7.75" />
                <Plane Active="true" AlignToWorldCoords="false" CastShadows="false" Collides="true" Corner1UV="0 8" Corner2UV="0 0" Corner3UV="8 0" Corner4UV="8 8" EndCorner="8 0 8" Group="0" ID="117" Material="C:/Program Files/Amnesia - The Dark Descent/redist/static_objects/castlebase/castlebase_ceiling02.mat" Name="Plane_8" Rotation="0 0 0" Scale="1 1 1" StartCorner="0 0 0" Tag="" TextureAngle="0" TileAmount="1 1 1" TileOffset="0 0 0" WorldPos="8 0 0" />
                <Plane Active="true" AlignToWorldCoords="false" CastShadows="false" Collides="true" Corner1UV="0 8" Corner2UV="0 0" Corner3UV="8 0" Corner4UV="8 8" EndCorner="8 0 8" Group="0" ID="138" Material="C:/Program Files/Amnesia - The Dark Descent/redist/static_objects/castlebase/ceiling/ceiling_rough.mat" Name="Plane_9" Rotation="0 0 3.14159" Scale="1 1 1" StartCorner="0 0 0" Tag="" TextureAngle="0" TileAmount="1 1 1" TileOffset="0 0 0" WorldPos="16 3.5 0" />
            </Primitives>
            <Decals />
            <Entities>
                <Entity Active="true" FileIndex="0" Group="0" ID="1" Name="bed_nice_1" Rotation="3.14159 4.44253e-006 3.14159" Scale="1 1 1" Tag="" WorldPos="4.25 0 -1.75">
                    <UserVariables>
                        <Var Name="CastShadows" Value="true" />
                        <Var Name="IsAffectedByDecal" Value="true" />
                    </UserVariables>
                </Entity>
                <Entity Active="true" FileIndex="1" Group="0" ID="2" Name="chest_of_drawers_nice_1" Rotation="3.14159 4.44253e-006 3.14159" Scale="1 1 1" Tag="" WorldPos="6.5 0.75 -0.5">
                    <UserVariables>
                        <Var Name="CastShadows" Value="true" />
                        <Var Name="StaticPhysics" Value="false" />
                        <Var Name="IsAffectedByDecal" Value="false" />
                        <Var Name="CallbackFunc" Value="" />
                        <Var Name="ConnectedProps" Value="" />
                        <Var Name="ConnectionStateChangeCallback" Value="" />
                        <Var Name="FullGameSave" Value="false" />
                        <Var Name="PlayerLookAtCallback" Value="" />
                        <Var Name="PlayerLookAtCallbackAutoRemove" Value="false" />
                        <Var Name="PlayerInteractCallback" Value="" />
                        <Var Name="PlayerInteractCallbackAutoRemove" Value="false" />
                        <Var Name="ContainedItem" Value="None" />
                        <Var Name="DisableBreakable" Value="false" />
                        <Var Name="IsInsanityVision" Value="false" />
                        <Var Name="VisionMaxSanity" Value="30" />
                    </UserVariables>
                </Entity>
                <Entity Active="true" FileIndex="2" Group="0" ID="4" Name="work_desk_1" Rotation="0 -4.71239 0" Scale="1 1 1" Tag="" WorldPos="0.75 0 -6">
                    <UserVariables>
                        <Var Name="CastShadows" Value="true" />
                        <Var Name="StaticPhysics" Value="false" />
                        <Var Name="IsAffectedByDecal" Value="false" />
                        <Var Name="CallbackFunc" Value="" />
                        <Var Name="ConnectedProps" Value="" />
                        <Var Name="ConnectionStateChangeCallback" Value="" />
                        <Var Name="FullGameSave" Value="false" />
                        <Var Name="PlayerLookAtCallback" Value="" />
                        <Var Name="PlayerLookAtCallbackAutoRemove" Value="false" />
                        <Var Name="PlayerInteractCallback" Value="" />
                        <Var Name="PlayerInteractCallbackAutoRemove" Value="false" />
                        <Var Name="ContainedItem" Value="None" />
                        <Var Name="DisableBreakable" Value="false" />
                        <Var Name="IsInsanityVision" Value="false" />
                        <Var Name="VisionMaxSanity" Value="30" />
                    </UserVariables>
                </Entity>
                <Entity Active="true" FileIndex="3" Group="0" ID="5" Name="work_desk_door_1" Rotation="0 -4.71239 0" Scale="1 1 1" Tag="" WorldPos="0.75 0 -6.0005">
                    <UserVariables>
                        <Var Name="CastShadows" Value="true" />
                        <Var Name="StaticPhysics" Value="false" />
                        <Var Name="IsAffectedByDecal" Value="false" />
                        <Var Name="CallbackFunc" Value="" />
                        <Var Name="ConnectedProps" Value="" />
                        <Var Name="ConnectionStateChangeCallback" Value="" />
                        <Var Name="FullGameSave" Value="false" />
                        <Var Name="PlayerLookAtCallback" Value="" />
                        <Var Name="PlayerLookAtCallbackAutoRemove" Value="false" />
                        <Var Name="PlayerInteractCallback" Value="" />
                        <Var Name="PlayerInteractCallbackAutoRemove" Value="false" />
                        <Var Name="Locked" Value="false" />
                        <Var Name="OpenAmount" Value="0" />
                        <Var Name="DisableBreakable" Value="false" />
                    </UserVariables>
                </Entity>
                <Area Active="true" AreaType="PlayerStart" Group="0" ID="6" Mesh="" Name="PlayerStartArea_1" Rotation="0 0 0" Scale="1 1 1" Tag="" WorldPos="3.5 0.5 -4.75">
                    <UserVariables />
                </Area>
                <Entity Active="true" FileIndex="5" Group="0" ID="8" Name="KeyNote" Rotation="0 0.0368439 0" Scale="1 1 1" Tag="" WorldPos="1.12116 0.210139 -6.80451">
                    <UserVariables>
                        <Var Name="CastShadows" Value="true" />
                        <Var Name="StaticPhysics" Value="false" />
                        <Var Name="IsAffectedByDecal" Value="false" />
                        <Var Name="CallbackFunc" Value="" />
                        <Var Name="ConnectedProps" Value="" />
                        <Var Name="ConnectionStateChangeCallback" Value="" />
                        <Var Name="FullGameSave" Value="false" />
                        <Var Name="PlayerLookAtCallback" Value="" />
                        <Var Name="PlayerLookAtCallbackAutoRemove" Value="false" />
                        <Var Name="PlayerInteractCallback" Value="" />
                        <Var Name="PlayerInteractCallbackAutoRemove" Value="false" />
                        <Var Name="CustomSubItemTypeName" Value="" />
                        <Var Name="NoteText" Value="KeyNote" />
                        <Var Name="OpenNoteInJournal" Value="true" />
                        <Var Name="UseNarration" Value="false" />
                    </UserVariables>
                </Entity>
                <Entity Active="true" FileIndex="6" Group="0" ID="10" Name="ink_bottle_1" Rotation="-1.51153 1.5708 0" Scale="0.768419 0.768419 0.768419" Tag="" WorldPos="0.937729 0.74503 -5.20166">
                    <UserVariables>
                        <Var Name="CastShadows" Value="true" />
                        <Var Name="StaticPhysics" Value="false" />
                        <Var Name="IsAffectedByDecal" Value="false" />
                        <Var Name="CallbackFunc" Value="" />
                        <Var Name="ConnectedProps" Value="" />
                        <Var Name="ConnectionStateChangeCallback" Value="" />
                        <Var Name="FullGameSave" Value="false" />
                        <Var Name="PlayerLookAtCallback" Value="" />
                        <Var Name="PlayerLookAtCallbackAutoRemove" Value="false" />
                        <Var Name="PlayerInteractCallback" Value="" />
                        <Var Name="PlayerInteractCallbackAutoRemove" Value="false" />
                        <Var Name="ContainedItem" Value="None" />
                        <Var Name="DisableBreakable" Value="false" />
                        <Var Name="IsInsanityVision" Value="false" />
                        <Var Name="VisionMaxSanity" Value="30" />
                    </UserVariables>
                </Entity>
                <Entity Active="true" FileIndex="7" Group="0" ID="12" Name="paperpile03_1" Rotation="0 -4.71239 0" Scale="1 1 1" Tag="" WorldPos="0.6164 0.990655 -6.71745">
                    <UserVariables>
                        <Var Name="CastShadows" Value="true" />
                        <Var Name="IsAffectedByDecal" Value="true" />
                    </UserVariables>
                </Entity>
                <Entity Active="true" FileIndex="7" Group="0" ID="13" Name="paperpile03_2" Rotation="0 0.611121 0" Scale="1 1 1" Tag="" WorldPos="0.834959 0.990655 -6.92562">
                    <UserVariables>
                        <Var Name="CastShadows" Value="true" />
                        <Var Name="IsAffectedByDecal" Value="true" />
                    </UserVariables>
                </Entity>
                <Entity Active="true" FileIndex="4" Group="0" ID="15" Name="note_paper01_1" Rotation="0 -4.71239 0" Scale="1 1 1" Tag="" WorldPos="0.866344 1.00052 -6.10748">
                    <UserVariables>
                        <Var Name="CastShadows" Value="true" />
                        <Var Name="StaticPhysics" Value="false" />
                        <Var Name="IsAffectedByDecal" Value="false" />
                        <Var Name="CallbackFunc" Value="" />
                        <Var Name="ConnectedProps" Value="" />
                        <Var Name="ConnectionStateChangeCallback" Value="" />
                        <Var Name="FullGameSave" Value="false" />
                        <Var Name="PlayerLookAtCallback" Value="" />
                        <Var Name="PlayerLookAtCallbackAutoRemove" Value="false" />
                        <Var Name="PlayerInteractCallback" Value="" />
                        <Var Name="PlayerInteractCallbackAutoRemove" Value="false" />
                        <Var Name="CustomSubItemTypeName" Value="" />
                        <Var Name="NoteText" Value="LifeNote" />
                        <Var Name="OpenNoteInJournal" Value="true" />
                        <Var Name="UseNarration" Value="false" />
                    </UserVariables>
                </Entity>
                <Entity Active="true" FileIndex="6" Group="0" ID="16" Name="ink_bottle_2" Rotation="0 -4.71239 0" Scale="1 1 1" Tag="" WorldPos="0.515346 1.06501 -5.74233">
                    <UserVariables>
                        <Var Name="CastShadows" Value="true" />
                        <Var Name="StaticPhysics" Value="false" />
                        <Var Name="IsAffectedByDecal" Value="false" />
                        <Var Name="CallbackFunc" Value="" />
                        <Var Name="ConnectedProps" Value="" />
                        <Var Name="ConnectionStateChangeCallback" Value="" />
                        <Var Name="FullGameSave" Value="false" />
                        <Var Name="PlayerLookAtCallback" Value="" />
                        <Var Name="PlayerLookAtCallbackAutoRemove" Value="false" />
                        <Var Name="PlayerInteractCallback" Value="" />
                        <Var Name="PlayerInteractCallbackAutoRemove" Value="false" />
                        <Var Name="ContainedItem" Value="None" />
                        <Var Name="DisableBreakable" Value="false" />
                        <Var Name="IsInsanityVision" Value="false" />
                        <Var Name="VisionMaxSanity" Value="30" />
                    </UserVariables>
                </Entity>
                <Entity Active="true" FileIndex="9" Group="0" ID="32" Name="BRkey" Rotation="0 -0.845931 0" Scale="1 1 1" Tag="" WorldPos="1.09826 0.218708 -6.75">
                    <UserVariables>
                        <Var Name="CastShadows" Value="true" />
                        <Var Name="StaticPhysics" Value="false" />
                        <Var Name="IsAffectedByDecal" Value="false" />
                        <Var Name="CallbackFunc" Value="" />
                        <Var Name="ConnectedProps" Value="" />
                        <Var Name="ConnectionStateChangeCallback" Value="" />
                        <Var Name="FullGameSave" Value="false" />
                        <Var Name="PlayerLookAtCallback" Value="" />
                        <Var Name="PlayerLookAtCallbackAutoRemove" Value="false" />
                        <Var Name="PlayerInteractCallback" Value="" />
                        <Var Name="PlayerInteractCallbackAutoRemove" Value="false" />
                        <Var Name="CustomSubItemTypeName" Value="BRkey" />
                    </UserVariables>
                </Entity>
                <Entity Active="true" FileIndex="8" Group="0" ID="38" Name="Door1" Rotation="0 -1.5708 0" Scale="1 1 1" Tag="" WorldPos="8 -0.14 -6">
                    <UserVariables>
                        <Var Name="CastShadows" Value="true" />
                        <Var Name="StaticPhysics" Value="false" />
                        <Var Name="IsAffectedByDecal" Value="false" />
                        <Var Name="CallbackFunc" Value="" />
                        <Var Name="ConnectedProps" Value="" />
                        <Var Name="ConnectionStateChangeCallback" Value="" />
                        <Var Name="FullGameSave" Value="false" />
                        <Var Name="PlayerLookAtCallback" Value="" />
                        <Var Name="PlayerLookAtCallbackAutoRemove" Value="false" />
                        <Var Name="PlayerInteractCallback" Value="BeginDoor" />
                        <Var Name="PlayerInteractCallbackAutoRemove" Value="false" />
                        <Var Name="Locked" Value="true" />
                        <Var Name="OpenAmount" Value="0" />
                        <Var Name="DisableBreakable" Value="false" />
                    </UserVariables>
                </Entity>
                <Entity Active="true" FileIndex="10" Group="0" ID="39" Name="chair_nice02_1" Rotation="0 -0.785399 0" Scale="1 1 1" Tag="" WorldPos="2 -0.139762 -6.75">
                    <UserVariables>
                        <Var Name="CastShadows" Value="true" />
                        <Var Name="StaticPhysics" Value="false" />
                        <Var Name="IsAffectedByDecal" Value="false" />
                        <Var Name="CallbackFunc" Value="" />
                        <Var Name="ConnectedProps" Value="" />
                        <Var Name="ConnectionStateChangeCallback" Value="" />
                        <Var Name="FullGameSave" Value="false" />
                        <Var Name="PlayerLookAtCallback" Value="" />
                        <Var Name="PlayerLookAtCallbackAutoRemove" Value="false" />
                        <Var Name="PlayerInteractCallback" Value="" />
                        <Var Name="PlayerInteractCallbackAutoRemove" Value="false" />
                        <Var Name="ContainedItem" Value="None" />
                        <Var Name="DisableBreakable" Value="false" />
                        <Var Name="IsInsanityVision" Value="false" />
                        <Var Name="VisionMaxSanity" Value="30" />
                    </UserVariables>
                </Entity>
                <Entity Active="true" FileIndex="11" Group="0" ID="40" Name="cabinet_nice_1" Rotation="3.14159 -2.14577e-006 3.14159" Scale="1 1 1" Tag="" WorldPos="1.25 0 -0.75">
                    <UserVariables>
                        <Var Name="CastShadows" Value="true" />
                        <Var Name="StaticPhysics" Value="false" />
                        <Var Name="IsAffectedByDecal" Value="false" />
                        <Var Name="CallbackFunc" Value="" />
                        <Var Name="ConnectedProps" Value="" />
                        <Var Name="ConnectionStateChangeCallback" Value="" />
                        <Var Name="FullGameSave" Value="false" />
                        <Var Name="PlayerLookAtCallback" Value="" />
                        <Var Name="PlayerLookAtCallbackAutoRemove" Value="false" />
                        <Var Name="PlayerInteractCallback" Value="" />
                        <Var Name="PlayerInteractCallbackAutoRemove" Value="false" />
                        <Var Name="Locked" Value="false" />
                        <Var Name="OpenAmount" Value="0" />
                        <Var Name="DisableBreakable" Value="false" />
                    </UserVariables>
                </Entity>
                <Entity Active="true" FileIndex="12" Group="0" ID="41" Name="armchair_1" Rotation="0 -1.5708 0" Scale="1 1 1" Tag="" WorldPos="7.25 -0.139762 -4">
                    <UserVariables>
                        <Var Name="CastShadows" Value="true" />
                        <Var Name="StaticPhysics" Value="false" />
                        <Var Name="IsAffectedByDecal" Value="false" />
                        <Var Name="CallbackFunc" Value="" />
                        <Var Name="ConnectedProps" Value="" />
                        <Var Name="ConnectionStateChangeCallback" Value="" />
                        <Var Name="FullGameSave" Value="false" />
                        <Var Name="PlayerLookAtCallback" Value="" />
                        <Var Name="PlayerLookAtCallbackAutoRemove" Value="false" />
                        <Var Name="PlayerInteractCallback" Value="" />
                        <Var Name="PlayerInteractCallbackAutoRemove" Value="false" />
                        <Var Name="ContainedItem" Value="None" />
                        <Var Name="DisableBreakable" Value="false" />
                        <Var Name="IsInsanityVision" Value="false" />
                        <Var Name="VisionMaxSanity" Value="30" />
                    </UserVariables>
                </Entity>
                <Entity Active="true" FileIndex="12" Group="0" ID="42" Name="armchair_2" Rotation="0 -1.5708 0" Scale="1 1 1" Tag="" WorldPos="7.25 -0.139762 -7.5">
                    <UserVariables>
                        <Var Name="CastShadows" Value="true" />
                        <Var Name="StaticPhysics" Value="false" />
                        <Var Name="IsAffectedByDecal" Value="false" />
                        <Var Name="CallbackFunc" Value="" />
                        <Var Name="ConnectedProps" Value="" />
                        <Var Name="ConnectionStateChangeCallback" Value="" />
                        <Var Name="FullGameSave" Value="false" />
                        <Var Name="PlayerLookAtCallback" Value="" />
                        <Var Name="PlayerLookAtCallbackAutoRemove" Value="false" />
                        <Var Name="PlayerInteractCallback" Value="" />
                        <Var Name="PlayerInteractCallbackAutoRemove" Value="false" />
                        <Var Name="ContainedItem" Value="None" />
                        <Var Name="DisableBreakable" Value="false" />
                        <Var Name="IsInsanityVision" Value="false" />
                        <Var Name="VisionMaxSanity" Value="30" />
                    </UserVariables>
                </Entity>
                <Entity Active="true" FileIndex="13" Group="0" ID="43" Name="candlestick02_1" Rotation="0 0 0" Scale="1 1 1" Tag="" WorldPos="6.53253 1.44573 -0.5">
                    <UserVariables>
                        <Var Name="CastShadows" Value="true" />
                        <Var Name="StaticPhysics" Value="false" />
                        <Var Name="IsAffectedByDecal" Value="false" />
                        <Var Name="CallbackFunc" Value="" />
                        <Var Name="ConnectedProps" Value="" />
                        <Var Name="ConnectionStateChangeCallback" Value="" />
                        <Var Name="FullGameSave" Value="false" />
                        <Var Name="PlayerLookAtCallback" Value="" />
                        <Var Name="PlayerLookAtCallbackAutoRemove" Value="false" />
                        <Var Name="PlayerInteractCallback" Value="" />
                        <Var Name="PlayerInteractCallbackAutoRemove" Value="false" />
                        <Var Name="Lit" Value="true" />
                        <Var Name="ConnectedLight" Value="" />
                        <Var Name="ConnectionLightAmount" Value="1" />
                        <Var Name="ConnectionLightUseOnColor" Value="true" />
                        <Var Name="ConnectionLightUseSpec" Value="false" />
                    </UserVariables>
                </Entity>
                <PointLight Active="true" CastShadows="false" DiffuseColor="1 1 1 1" FalloffMap="" FlickerActive="false" FlickerFade="false" FlickerOffColor="0 0 0 1" FlickerOffFadeMaxLength="0" FlickerOffFadeMinLength="0" FlickerOffMaxLength="0" FlickerOffMinLength="0" FlickerOffPS="" FlickerOffRadius="0" FlickerOffSound="" FlickerOnFadeMaxLength="0" FlickerOnFadeMinLength="0" FlickerOnMaxLength="0" FlickerOnMinLength="0" FlickerOnPS="" FlickerOnSound="" Gobo="" GoboAnimFrameTime="0" GoboAnimMode="None" Group="0" ID="67" Name="PointLight_1" Radius="2.5" Rotation="0 0 0" Scale="1 1 1" ShadowResolution="High" ShadowsAffectDynamic="true" ShadowsAffectStatic="true" Tag="" WorldPos="23.25 0.75 -6.04165" />
                <SpotLight Active="true" Aspect="1" CastShadows="true" DiffuseColor="0.8 0.8 0.8 1" FOV="1.0472" FalloffMap="C:/Program Files/Amnesia - The Dark Descent/redist/lights/light_falloff_short_fade.tga" FlickerActive="false" FlickerFade="false" FlickerOffColor="0.97 0.759 0 1" FlickerOffFadeMaxLength="0" FlickerOffFadeMinLength="0" FlickerOffMaxLength="0" FlickerOffMinLength="0" FlickerOffPS="" FlickerOffRadius="0" FlickerOffSound="" FlickerOnFadeMaxLength="0" FlickerOnFadeMinLength="0" FlickerOnMaxLength="0" FlickerOnMinLength="0" FlickerOnPS="" FlickerOnSound="" Gobo="" GoboAnimFrameTime="0" GoboAnimMode="None" Group="0" ID="68" Name="SpotLight_1" NearClipPlane="0.1" Radius="4" Rotation="-1.58531 0.134674 -0.448208" Scale="1 1 1" ShadowResolution="High" ShadowsAffectDynamic="true" ShadowsAffectStatic="true" SpotFalloffMap="lights/light_falloff_short_fade.tga" Tag="" WorldPos="25.25 2.25 -6.25" />
                <Entity Active="true" FileIndex="14" Group="0" ID="69" Name="table_nice_round_1" Rotation="0 0 0" Scale="1 1 1" Tag="" WorldPos="23.5 -0.25 -6">
                    <UserVariables>
                        <Var Name="CastShadows" Value="true" />
                        <Var Name="IsAffectedByDecal" Value="true" />
                    </UserVariables>
                </Entity>
                <Entity Active="true" FileIndex="15" Group="0" ID="70" Name="display_1" Rotation="0 0 0" Scale="1 1 1" Tag="" WorldPos="23.5 -0.25 -4">
                    <UserVariables>
                        <Var Name="CastShadows" Value="true" />
                        <Var Name="StaticPhysics" Value="false" />
                        <Var Name="IsAffectedByDecal" Value="false" />
                        <Var Name="CallbackFunc" Value="" />
                        <Var Name="ConnectedProps" Value="" />
                        <Var Name="ConnectionStateChangeCallback" Value="" />
                        <Var Name="FullGameSave" Value="false" />
                        <Var Name="PlayerLookAtCallback" Value="" />
                        <Var Name="PlayerLookAtCallbackAutoRemove" Value="false" />
                        <Var Name="PlayerInteractCallback" Value="" />
                        <Var Name="PlayerInteractCallbackAutoRemove" Value="false" />
                        <Var Name="ContainedItem" Value="None" />
                        <Var Name="DisableBreakable" Value="false" />
                        <Var Name="IsInsanityVision" Value="false" />
                        <Var Name="VisionMaxSanity" Value="30" />
                    </UserVariables>
                </Entity>
                <Entity Active="true" FileIndex="15" Group="0" ID="71" Name="display_2" Rotation="0 0 0" Scale="1 1 1" Tag="" WorldPos="23.5 -0.25 -2.75">
                    <UserVariables>
                        <Var Name="CastShadows" Value="true" />
                        <Var Name="StaticPhysics" Value="false" />
                        <Var Name="IsAffectedByDecal" Value="false" />
                        <Var Name="CallbackFunc" Value="" />
                        <Var Name="ConnectedProps" Value="" />
                        <Var Name="ConnectionStateChangeCallback" Value="" />
                        <Var Name="FullGameSave" Value="false" />
                        <Var Name="PlayerLookAtCallback" Value="" />
                        <Var Name="PlayerLookAtCallbackAutoRemove" Value="false" />
                        <Var Name="PlayerInteractCallback" Value="" />
                        <Var Name="PlayerInteractCallbackAutoRemove" Value="false" />
                        <Var Name="ContainedItem" Value="None" />
                        <Var Name="DisableBreakable" Value="false" />
                        <Var Name="IsInsanityVision" Value="false" />
                        <Var Name="VisionMaxSanity" Value="30" />
                    </UserVariables>
                </Entity>
                <Entity Active="true" FileIndex="15" Group="0" ID="72" Name="display_3" Rotation="0 0 0" Scale="1 1 1" Tag="" WorldPos="23.5 -0.25 -1.5">
                    <UserVariables>
                        <Var Name="CastShadows" Value="true" />
                        <Var Name="StaticPhysics" Value="false" />
                        <Var Name="IsAffectedByDecal" Value="false" />
                        <Var Name="CallbackFunc" Value="" />
                        <Var Name="ConnectedProps" Value="" />
                        <Var Name="ConnectionStateChangeCallback" Value="" />
                        <Var Name="FullGameSave" Value="false" />
                        <Var Name="PlayerLookAtCallback" Value="" />
                        <Var Name="PlayerLookAtCallbackAutoRemove" Value="false" />
                        <Var Name="PlayerInteractCallback" Value="" />
                        <Var Name="PlayerInteractCallbackAutoRemove" Value="false" />
                        <Var Name="ContainedItem" Value="None" />
                        <Var Name="DisableBreakable" Value="false" />
                        <Var Name="IsInsanityVision" Value="false" />
                        <Var Name="VisionMaxSanity" Value="30" />
                    </UserVariables>
                </Entity>
                <Entity Active="true" FileIndex="16" Group="0" ID="73" Name="potion_sanity_1" Rotation="0.0661937 0.00351233 -1.62373" Scale="1 1 1" Tag="" WorldPos="23.424 0.59638 -2.75">
                    <UserVariables>
                        <Var Name="CastShadows" Value="true" />
                        <Var Name="StaticPhysics" Value="false" />
                        <Var Name="IsAffectedByDecal" Value="false" />
                        <Var Name="CallbackFunc" Value="" />
                        <Var Name="ConnectedProps" Value="" />
                        <Var Name="ConnectionStateChangeCallback" Value="" />
                        <Var Name="FullGameSave" Value="false" />
                        <Var Name="PlayerLookAtCallback" Value="" />
                        <Var Name="PlayerLookAtCallbackAutoRemove" Value="false" />
                        <Var Name="PlayerInteractCallback" Value="" />
                        <Var Name="PlayerInteractCallbackAutoRemove" Value="false" />
                        <Var Name="CustomSubItemTypeName" Value="" />
                    </UserVariables>
                </Entity>
                <Entity Active="true" FileIndex="17" Group="0" ID="74" Name="chair_nice01_1" Rotation="0 0 0" Scale="1 1 1" Tag="" WorldPos="21.0654 0.000613868 -7.3718">
                    <UserVariables>
                        <Var Name="CastShadows" Value="true" />
                        <Var Name="StaticPhysics" Value="false" />
                        <Var Name="IsAffectedByDecal" Value="false" />
                        <Var Name="CallbackFunc" Value="" />
                        <Var Name="ConnectedProps" Value="" />
                        <Var Name="ConnectionStateChangeCallback" Value="" />
                        <Var Name="FullGameSave" Value="false" />
                        <Var Name="PlayerLookAtCallback" Value="" />
                        <Var Name="PlayerLookAtCallbackAutoRemove" Value="false" />
                        <Var Name="PlayerInteractCallback" Value="" />
                        <Var Name="PlayerInteractCallbackAutoRemove" Value="false" />
                        <Var Name="ContainedItem" Value="None" />
                        <Var Name="DisableBreakable" Value="false" />
                        <Var Name="IsInsanityVision" Value="false" />
                        <Var Name="VisionMaxSanity" Value="30" />
                    </UserVariables>
                </Entity>
                <Entity Active="true" FileIndex="17" Group="0" ID="75" Name="chair_nice01_2" Rotation="0 0 0" Scale="1 1 1" Tag="" WorldPos="19 0 -7.25">
                    <UserVariables>
                        <Var Name="CastShadows" Value="true" />
                        <Var Name="StaticPhysics" Value="false" />
                        <Var Name="IsAffectedByDecal" Value="false" />
                        <Var Name="CallbackFunc" Value="" />
                        <Var Name="ConnectedProps" Value="" />
                        <Var Name="ConnectionStateChangeCallback" Value="" />
                        <Var Name="FullGameSave" Value="false" />
                        <Var Name="PlayerLookAtCallback" Value="" />
                        <Var Name="PlayerLookAtCallbackAutoRemove" Value="false" />
                        <Var Name="PlayerInteractCallback" Value="" />
                        <Var Name="PlayerInteractCallbackAutoRemove" Value="false" />
                        <Var Name="ContainedItem" Value="None" />
                        <Var Name="DisableBreakable" Value="false" />
                        <Var Name="IsInsanityVision" Value="false" />
                        <Var Name="VisionMaxSanity" Value="30" />
                    </UserVariables>
                </Entity>
                <Entity Active="true" FileIndex="17" Group="0" ID="76" Name="chair_nice01_3" Rotation="0 0 0" Scale="1 1 1" Tag="" WorldPos="17.25 0 -7.25">
                    <UserVariables>
                        <Var Name="CastShadows" Value="true" />
                        <Var Name="StaticPhysics" Value="false" />
                        <Var Name="IsAffectedByDecal" Value="false" />
                        <Var Name="CallbackFunc" Value="" />
                        <Var Name="ConnectedProps" Value="" />
                        <Var Name="ConnectionStateChangeCallback" Value="" />
                        <Var Name="FullGameSave" Value="false" />
                        <Var Name="PlayerLookAtCallback" Value="" />
                        <Var Name="PlayerLookAtCallbackAutoRemove" Value="false" />
                        <Var Name="PlayerInteractCallback" Value="" />
                        <Var Name="PlayerInteractCallbackAutoRemove" Value="false" />
                        <Var Name="ContainedItem" Value="None" />
                        <Var Name="DisableBreakable" Value="false" />
                        <Var Name="IsInsanityVision" Value="false" />
                        <Var Name="VisionMaxSanity" Value="30" />
                    </UserVariables>
                </Entity>
                <Entity Active="true" FileIndex="17" Group="0" ID="77" Name="chair_nice01_4" Rotation="0 0 0" Scale="1 1 1" Tag="" WorldPos="15.5 0 -7.25">
                    <UserVariables>
                        <Var Name="CastShadows" Value="true" />
                        <Var Name="StaticPhysics" Value="false" />
                        <Var Name="IsAffectedByDecal" Value="false" />
                        <Var Name="CallbackFunc" Value="" />
                        <Var Name="ConnectedProps" Value="" />
                        <Var Name="ConnectionStateChangeCallback" Value="" />
                        <Var Name="FullGameSave" Value="false" />
                        <Var Name="PlayerLookAtCallback" Value="" />
                        <Var Name="PlayerLookAtCallbackAutoRemove" Value="false" />
                        <Var Name="PlayerInteractCallback" Value="" />
                        <Var Name="PlayerInteractCallbackAutoRemove" Value="false" />
                        <Var Name="ContainedItem" Value="None" />
                        <Var Name="DisableBreakable" Value="false" />
                        <Var Name="IsInsanityVision" Value="false" />
                        <Var Name="VisionMaxSanity" Value="30" />
                    </UserVariables>
                </Entity>
                <Entity Active="true" FileIndex="17" Group="0" ID="78" Name="chair_nice01_5" Rotation="0 0 0" Scale="1 1 1" Tag="" WorldPos="13.75 0 -7.25">
                    <UserVariables>
                        <Var Name="CastShadows" Value="true" />
                        <Var Name="StaticPhysics" Value="false" />
                        <Var Name="IsAffectedByDecal" Value="false" />
                        <Var Name="CallbackFunc" Value="" />
                        <Var Name="ConnectedProps" Value="" />
                        <Var Name="ConnectionStateChangeCallback" Value="" />
                        <Var Name="FullGameSave" Value="false" />
                        <Var Name="PlayerLookAtCallback" Value="" />
                        <Var Name="PlayerLookAtCallbackAutoRemove" Value="false" />
                        <Var Name="PlayerInteractCallback" Value="" />
                        <Var Name="PlayerInteractCallbackAutoRemove" Value="false" />
                        <Var Name="ContainedItem" Value="None" />
                        <Var Name="DisableBreakable" Value="false" />
                        <Var Name="IsInsanityVision" Value="false" />
                        <Var Name="VisionMaxSanity" Value="30" />
                    </UserVariables>
                </Entity>
                <Entity Active="true" FileIndex="17" Group="0" ID="79" Name="chair_nice01_6" Rotation="0 0 0" Scale="1 1 1" Tag="" WorldPos="12.25 0 -7.25">
                    <UserVariables>
                        <Var Name="CastShadows" Value="true" />
                        <Var Name="StaticPhysics" Value="false" />
                        <Var Name="IsAffectedByDecal" Value="false" />
                        <Var Name="CallbackFunc" Value="" />
                        <Var Name="ConnectedProps" Value="" />
                        <Var Name="ConnectionStateChangeCallback" Value="" />
                        <Var Name="FullGameSave" Value="false" />
                        <Var Name="PlayerLookAtCallback" Value="" />
                        <Var Name="PlayerLookAtCallbackAutoRemove" Value="false" />
                        <Var Name="PlayerInteractCallback" Value="" />
                        <Var Name="PlayerInteractCallbackAutoRemove" Value="false" />
                        <Var Name="ContainedItem" Value="None" />
                        <Var Name="DisableBreakable" Value="false" />
                        <Var Name="IsInsanityVision" Value="false" />
                        <Var Name="VisionMaxSanity" Value="30" />
                    </UserVariables>
                </Entity>
                <Entity Active="true" FileIndex="17" Group="0" ID="80" Name="chair_nice01_7" Rotation="0 0 0" Scale="1 1 1" Tag="" WorldPos="10.75 0 -7.25">
                    <UserVariables>
                        <Var Name="CastShadows" Value="true" />
                        <Var Name="StaticPhysics" Value="false" />
                        <Var Name="IsAffectedByDecal" Value="false" />
                        <Var Name="CallbackFunc" Value="" />
                        <Var Name="ConnectedProps" Value="" />
                        <Var Name="ConnectionStateChangeCallback" Value="" />
                        <Var Name="FullGameSave" Value="false" />
                        <Var Name="PlayerLookAtCallback" Value="" />
                        <Var Name="PlayerLookAtCallbackAutoRemove" Value="false" />
                        <Var Name="PlayerInteractCallback" Value="" />
                        <Var Name="PlayerInteractCallbackAutoRemove" Value="false" />
                        <Var Name="ContainedItem" Value="None" />
                        <Var Name="DisableBreakable" Value="false" />
                        <Var Name="IsInsanityVision" Value="false" />
                        <Var Name="VisionMaxSanity" Value="30" />
                    </UserVariables>
                </Entity>
                <Entity Active="true" FileIndex="17" Group="0" ID="81" Name="chair_nice01_8" Rotation="0 0 0" Scale="1 1 1" Tag="" WorldPos="9.25 0 -7.25">
                    <UserVariables>
                        <Var Name="CastShadows" Value="true" />
                        <Var Name="StaticPhysics" Value="false" />
                        <Var Name="IsAffectedByDecal" Value="false" />
                        <Var Name="CallbackFunc" Value="" />
                        <Var Name="ConnectedProps" Value="" />
                        <Var Name="ConnectionStateChangeCallback" Value="" />
                        <Var Name="FullGameSave" Value="false" />
                        <Var Name="PlayerLookAtCallback" Value="" />
                        <Var Name="PlayerLookAtCallbackAutoRemove" Value="false" />
                        <Var Name="PlayerInteractCallback" Value="" />
                        <Var Name="PlayerInteractCallbackAutoRemove" Value="false" />
                        <Var Name="ContainedItem" Value="None" />
                        <Var Name="DisableBreakable" Value="false" />
                        <Var Name="IsInsanityVision" Value="false" />
                        <Var Name="VisionMaxSanity" Value="30" />
                    </UserVariables>
                </Entity>
                <Entity Active="true" FileIndex="18" Group="0" ID="85" Name="piano_1" Rotation="0 1.5708 2.38419e-007" Scale="1 1 1" Tag="" WorldPos="8.5 0 -2.5">
                    <UserVariables>
                        <Var Name="CastShadows" Value="true" />
                        <Var Name="StaticPhysics" Value="false" />
                        <Var Name="IsAffectedByDecal" Value="false" />
                        <Var Name="CallbackFunc" Value="" />
                        <Var Name="ConnectedProps" Value="" />
                        <Var Name="ConnectionStateChangeCallback" Value="" />
                        <Var Name="FullGameSave" Value="false" />
                        <Var Name="PlayerLookAtCallback" Value="" />
                        <Var Name="PlayerLookAtCallbackAutoRemove" Value="false" />
                        <Var Name="PlayerInteractCallback" Value="" />
                        <Var Name="PlayerInteractCallbackAutoRemove" Value="false" />
                        <Var Name="StuckState" Value="None" />
                        <Var Name="InteractionDisablesStuck" Value="false" />
                        <Var Name="OverrideDefaults" Value="false" />
                        <Var Name="MiddleAngleAmount" Value="0" />
                        <Var Name="AutoMoveToAngle" Value="True" />
                        <Var Name="AutoMoveGoal" Value="Middle" />
                    </UserVariables>
                </Entity>
                <Entity Active="true" FileIndex="9" Group="0" ID="87" Name="PianoKey" Rotation="0.284367 -1.5708 -0.312152" Scale="0.430075 0.430075 0.430075" Tag="" WorldPos="8.73816 0.851425 -2.75">
                    <UserVariables>
                        <Var Name="CastShadows" Value="true" />
                        <Var Name="StaticPhysics" Value="false" />
                        <Var Name="IsAffectedByDecal" Value="false" />
                        <Var Name="CallbackFunc" Value="" />
                        <Var Name="ConnectedProps" Value="" />
                        <Var Name="ConnectionStateChangeCallback" Value="" />
                        <Var Name="FullGameSave" Value="false" />
                        <Var Name="PlayerLookAtCallback" Value="" />
                        <Var Name="PlayerLookAtCallbackAutoRemove" Value="false" />
                        <Var Name="PlayerInteractCallback" Value="" />
                        <Var Name="PlayerInteractCallbackAutoRemove" Value="false" />
                        <Var Name="CustomSubItemTypeName" Value="PianoKey" />
                    </UserVariables>
                </Entity>
                <Entity Active="true" FileIndex="8" Group="0" ID="88" Name="mansion_2" Rotation="0 3.14159 0" Scale="1 1 1" Tag="" WorldPos="14 -0.14 0">
                    <UserVariables>
                        <Var Name="CastShadows" Value="true" />
                        <Var Name="StaticPhysics" Value="false" />
                        <Var Name="IsAffectedByDecal" Value="false" />
                        <Var Name="CallbackFunc" Value="" />
                        <Var Name="ConnectedProps" Value="" />
                        <Var Name="ConnectionStateChangeCallback" Value="" />
                        <Var Name="FullGameSave" Value="false" />
                        <Var Name="PlayerLookAtCallback" Value="" />
                        <Var Name="PlayerLookAtCallbackAutoRemove" Value="false" />
                        <Var Name="PlayerInteractCallback" Value="" />
                        <Var Name="PlayerInteractCallbackAutoRemove" Value="false" />
                        <Var Name="Locked" Value="true" />
                        <Var Name="OpenAmount" Value="0" />
                        <Var Name="DisableBreakable" Value="false" />
                    </UserVariables>
                </Entity>
                <Entity Active="true" FileIndex="8" Group="0" ID="89" Name="mansion_3" Rotation="0 3.14159 0" Scale="1 1 1" Tag="" WorldPos="22 -0.14 0">
                    <UserVariables>
                        <Var Name="CastShadows" Value="true" />
                        <Var Name="StaticPhysics" Value="false" />
                        <Var Name="IsAffectedByDecal" Value="false" />
                        <Var Name="CallbackFunc" Value="" />
                        <Var Name="ConnectedProps" Value="" />
                        <Var Name="ConnectionStateChangeCallback" Value="" />
                        <Var Name="FullGameSave" Value="false" />
                        <Var Name="PlayerLookAtCallback" Value="" />
                        <Var Name="PlayerLookAtCallbackAutoRemove" Value="false" />
                        <Var Name="PlayerInteractCallback" Value="" />
                        <Var Name="PlayerInteractCallbackAutoRemove" Value="false" />
                        <Var Name="Locked" Value="false" />
                        <Var Name="OpenAmount" Value="0" />
                        <Var Name="DisableBreakable" Value="false" />
                    </UserVariables>
                </Entity>
                <Entity Active="true" FileIndex="19" Group="0" ID="98" Name="stove_dungeon_front01_1" Rotation="0 0 0" Scale="1 1 1" Tag="" WorldPos="18 -0.25 0.00281942">
                    <UserVariables>
                        <Var Name="CastShadows" Value="true" />
                        <Var Name="IsAffectedByDecal" Value="true" />
                    </UserVariables>
                </Entity>
                <Entity Active="true" FileIndex="20" Group="0" ID="99" Name="lantern_1" Rotation="3.14159 1.49017 3.14159" Scale="1 1 1" Tag="" WorldPos="17.8789 0.633653 1.25">
                    <UserVariables>
                        <Var Name="CastShadows" Value="true" />
                        <Var Name="StaticPhysics" Value="false" />
                        <Var Name="IsAffectedByDecal" Value="false" />
                        <Var Name="CallbackFunc" Value="" />
                        <Var Name="ConnectedProps" Value="" />
                        <Var Name="ConnectionStateChangeCallback" Value="" />
                        <Var Name="FullGameSave" Value="false" />
                        <Var Name="PlayerLookAtCallback" Value="" />
                        <Var Name="PlayerLookAtCallbackAutoRemove" Value="false" />
                        <Var Name="PlayerInteractCallback" Value="" />
                        <Var Name="PlayerInteractCallbackAutoRemove" Value="false" />
                        <Var Name="CustomSubItemTypeName" Value="" />
                    </UserVariables>
                </Entity>
                <Entity Active="true" FileIndex="21" Group="0" ID="100" Name="potion_oil_1" Rotation="0 0 0" Scale="1 1 1" Tag="" WorldPos="18.1102 0.615137 1.07465">
                    <UserVariables>
                        <Var Name="CastShadows" Value="true" />
                        <Var Name="StaticPhysics" Value="false" />
                        <Var Name="IsAffectedByDecal" Value="false" />
                        <Var Name="CallbackFunc" Value="" />
                        <Var Name="ConnectedProps" Value="" />
                        <Var Name="ConnectionStateChangeCallback" Value="" />
                        <Var Name="FullGameSave" Value="false" />
                        <Var Name="PlayerLookAtCallback" Value="" />
                        <Var Name="PlayerLookAtCallbackAutoRemove" Value="false" />
                        <Var Name="PlayerInteractCallback" Value="" />
                        <Var Name="PlayerInteractCallbackAutoRemove" Value="false" />
                        <Var Name="CustomSubItemTypeName" Value="" />
                    </UserVariables>
                </Entity>
                <Entity Active="true" FileIndex="22" Group="0" ID="105" Name="table_nice02_1" Rotation="0 0 0" Scale="1 1 1" Tag="" WorldPos="20 0 5.75">
                    <UserVariables>
                        <Var Name="CastShadows" Value="true" />
                        <Var Name="IsAffectedByDecal" Value="true" />
                    </UserVariables>
                </Entity>
                <Entity Active="true" FileIndex="10" Group="0" ID="106" Name="chair_nice02_2" Rotation="0 0.523598 0" Scale="1 1 1" Tag="" WorldPos="18.4606 0 4.25">
                    <UserVariables>
                        <Var Name="CastShadows" Value="true" />
                        <Var Name="StaticPhysics" Value="false" />
                        <Var Name="IsAffectedByDecal" Value="false" />
                        <Var Name="CallbackFunc" Value="" />
                        <Var Name="ConnectedProps" Value="" />
                        <Var Name="ConnectionStateChangeCallback" Value="" />
                        <Var Name="FullGameSave" Value="false" />
                        <Var Name="PlayerLookAtCallback" Value="" />
                        <Var Name="PlayerLookAtCallbackAutoRemove" Value="false" />
                        <Var Name="PlayerInteractCallback" Value="" />
                        <Var Name="PlayerInteractCallbackAutoRemove" Value="false" />
                        <Var Name="ContainedItem" Value="None" />
                        <Var Name="DisableBreakable" Value="false" />
                        <Var Name="IsInsanityVision" Value="false" />
                        <Var Name="VisionMaxSanity" Value="30" />
                    </UserVariables>
                </Entity>
                <Entity Active="true" FileIndex="10" Group="0" ID="107" Name="chair_nice02_3" Rotation="3.14159 -0.261794 3.14159" Scale="1 1 1" Tag="" WorldPos="20 0 7">
                    <UserVariables>
                        <Var Name="CastShadows" Value="true" />
                        <Var Name="StaticPhysics" Value="false" />
                        <Var Name="IsAffectedByDecal" Value="false" />
                        <Var Name="CallbackFunc" Value="" />
                        <Var Name="ConnectedProps" Value="" />
                        <Var Name="ConnectionStateChangeCallback" Value="" />
                        <Var Name="FullGameSave" Value="false" />
                        <Var Name="PlayerLookAtCallback" Value="" />
                        <Var Name="PlayerLookAtCallbackAutoRemove" Value="false" />
                        <Var Name="PlayerInteractCallback" Value="" />
                        <Var Name="PlayerInteractCallbackAutoRemove" Value="false" />
                        <Var Name="ContainedItem" Value="None" />
                        <Var Name="DisableBreakable" Value="false" />
                        <Var Name="IsInsanityVision" Value="false" />
                        <Var Name="VisionMaxSanity" Value="30" />
                    </UserVariables>
                </Entity>
                <Entity Active="true" FileIndex="6" Group="0" ID="108" Name="ink_bottle_3" Rotation="0 0 0" Scale="1 1 1" Tag="" WorldPos="20.8607 0.96426 5.75">
                    <UserVariables>
                        <Var Name="CastShadows" Value="true" />
                        <Var Name="StaticPhysics" Value="false" />
                        <Var Name="IsAffectedByDecal" Value="false" />
                        <Var Name="CallbackFunc" Value="" />
                        <Var Name="ConnectedProps" Value="" />
                        <Var Name="ConnectionStateChangeCallback" Value="" />
                        <Var Name="FullGameSave" Value="false" />
                        <Var Name="PlayerLookAtCallback" Value="" />
                        <Var Name="PlayerLookAtCallbackAutoRemove" Value="false" />
                        <Var Name="PlayerInteractCallback" Value="" />
                        <Var Name="PlayerInteractCallbackAutoRemove" Value="false" />
                        <Var Name="ContainedItem" Value="None" />
                        <Var Name="DisableBreakable" Value="false" />
                        <Var Name="IsInsanityVision" Value="false" />
                        <Var Name="VisionMaxSanity" Value="30" />
                    </UserVariables>
                </Entity>
                <Entity Active="true" FileIndex="23" Group="0" ID="109" Name="paperpile02_1" Rotation="0 0 0" Scale="1 1 1" Tag="" WorldPos="19.3878 0.891397 5.78724">
                    <UserVariables>
                        <Var Name="CastShadows" Value="true" />
                        <Var Name="IsAffectedByDecal" Value="true" />
                    </UserVariables>
                </Entity>
                <Entity Active="true" FileIndex="23" Group="0" ID="110" Name="paperpile02_2" Rotation="0 -0.941434 0" Scale="1 1 1" Tag="" WorldPos="19.3878 0.891397 5.38395">
                    <UserVariables>
                        <Var Name="CastShadows" Value="true" />
                        <Var Name="IsAffectedByDecal" Value="true" />
                    </UserVariables>
                </Entity>
                <Entity Active="false" FileIndex="24" Group="0" ID="111" Name="Monster_1" Rotation="-1.5708 4.44253e-006 -3.14159" Scale="1.48388 1.48388 1.48388" Tag="" WorldPos="20.25 1.38825 5.6345">
                    <UserVariables>
                        <Var Name="CastShadows" Value="true" />
                        <Var Name="StaticPhysics" Value="false" />
                        <Var Name="IsAffectedByDecal" Value="false" />
                        <Var Name="CallbackFunc" Value="" />
                        <Var Name="ConnectedProps" Value="" />
                        <Var Name="ConnectionStateChangeCallback" Value="" />
                        <Var Name="FullGameSave" Value="false" />
                        <Var Name="PlayerLookAtCallback" Value="" />
                        <Var Name="PlayerLookAtCallbackAutoRemove" Value="false" />
                        <Var Name="PlayerInteractCallback" Value="" />
                        <Var Name="PlayerInteractCallbackAutoRemove" Value="false" />
                        <Var Name="ContainedItem" Value="None" />
                        <Var Name="DisableBreakable" Value="false" />
                        <Var Name="IsInsanityVision" Value="false" />
                        <Var Name="VisionMaxSanity" Value="30" />
                    </UserVariables>
                </Entity>
                <Area Active="true" AreaType="Script" Group="0" ID="112" Mesh="" Name="Jumpscare_1" Rotation="0 0 0" Scale="2.5 1 1" Tag="" WorldPos="20.0108 0.531746 3.92537">
                    <UserVariables>
                        <Var Name="PlayerLookAtCallback" Value="" />
                        <Var Name="PlayerLookAtCallbackAutoRemove" Value="true" />
                        <Var Name="PlayerInteractCallback" Value="" />
                        <Var Name="PlayerInteractCallbackAutoRemove" Value="false" />
                        <Var Name="ItemInteraction" Value="false" />
                        <Var Name="MaxFocusDistance" Value="-1" />
                    </UserVariables>
                </Area>
                <Entity Active="true" FileIndex="25" Group="0" ID="113" Name="potion_health_1" Rotation="0 0 0" Scale="1 1 1" Tag="" WorldPos="20.2028 0.89858 5.95084">
                    <UserVariables>
                        <Var Name="CastShadows" Value="true" />
                        <Var Name="StaticPhysics" Value="false" />
                        <Var Name="IsAffectedByDecal" Value="false" />
                        <Var Name="CallbackFunc" Value="" />
                        <Var Name="ConnectedProps" Value="" />
                        <Var Name="ConnectionStateChangeCallback" Value="" />
                        <Var Name="FullGameSave" Value="false" />
                        <Var Name="PlayerLookAtCallback" Value="" />
                        <Var Name="PlayerLookAtCallbackAutoRemove" Value="false" />
                        <Var Name="PlayerInteractCallback" Value="" />
                        <Var Name="PlayerInteractCallbackAutoRemove" Value="false" />
                        <Var Name="CustomSubItemTypeName" Value="" />
                    </UserVariables>
                </Entity>
                <Entity Active="true" FileIndex="11" Group="0" ID="115" Name="cabinet_nice_2" Rotation="-3.14159 4.58956e-006 -3.14159" Scale="1 1 1" Tag="" WorldPos="17.25 0 7.28363">
                    <UserVariables>
                        <Var Name="CastShadows" Value="true" />
                        <Var Name="StaticPhysics" Value="false" />
                        <Var Name="IsAffectedByDecal" Value="false" />
                        <Var Name="CallbackFunc" Value="" />
                        <Var Name="ConnectedProps" Value="" />
                        <Var Name="ConnectionStateChangeCallback" Value="" />
                        <Var Name="FullGameSave" Value="false" />
                        <Var Name="PlayerLookAtCallback" Value="" />
                        <Var Name="PlayerLookAtCallbackAutoRemove" Value="false" />
                        <Var Name="PlayerInteractCallback" Value="" />
                        <Var Name="PlayerInteractCallbackAutoRemove" Value="false" />
                        <Var Name="Locked" Value="false" />
                        <Var Name="OpenAmount" Value="0" />
                        <Var Name="DisableBreakable" Value="false" />
                    </UserVariables>
                </Entity>
                <Entity Active="true" FileIndex="26" Group="0" ID="116" Name="shirt_hanging_white_1" Rotation="3.14159 -0.0407723 3.14159" Scale="1 1 1" Tag="" WorldPos="17.165 1.3314 7.73326">
                    <UserVariables>
                        <Var Name="CastShadows" Value="true" />
                        <Var Name="IsAffectedByDecal" Value="true" />
                    </UserVariables>
                </Entity>
                <Entity Active="true" FileIndex="27" Group="0" ID="131" Name="work_desk_worn_1" Rotation="0 -1.5708 0" Scale="1 1 1" Tag="" WorldPos="15.25 0 3.75">
                    <UserVariables>
                        <Var Name="CastShadows" Value="true" />
                        <Var Name="StaticPhysics" Value="false" />
                        <Var Name="IsAffectedByDecal" Value="false" />
                        <Var Name="CallbackFunc" Value="" />
                        <Var Name="ConnectedProps" Value="" />
                        <Var Name="ConnectionStateChangeCallback" Value="" />
                        <Var Name="FullGameSave" Value="false" />
                        <Var Name="PlayerLookAtCallback" Value="" />
                        <Var Name="PlayerLookAtCallbackAutoRemove" Value="false" />
                        <Var Name="PlayerInteractCallback" Value="" />
                        <Var Name="PlayerInteractCallbackAutoRemove" Value="false" />
                        <Var Name="ContainedItem" Value="None" />
                        <Var Name="DisableBreakable" Value="false" />
                        <Var Name="IsInsanityVision" Value="false" />
                        <Var Name="VisionMaxSanity" Value="30" />
                    </UserVariables>
                </Entity>
                <Entity Active="true" FileIndex="28" Group="0" ID="132" Name="tinderbox_1" Rotation="0 0 0" Scale="1 1 1" Tag="" WorldPos="15 0.205766 4.5">
                    <UserVariables>
                        <Var Name="CastShadows" Value="true" />
                        <Var Name="StaticPhysics" Value="false" />
                        <Var Name="IsAffectedByDecal" Value="false" />
                        <Var Name="CallbackFunc" Value="" />
                        <Var Name="ConnectedProps" Value="" />
                        <Var Name="ConnectionStateChangeCallback" Value="" />
                        <Var Name="FullGameSave" Value="false" />
                        <Var Name="PlayerLookAtCallback" Value="" />
                        <Var Name="PlayerLookAtCallbackAutoRemove" Value="false" />
                        <Var Name="PlayerInteractCallback" Value="" />
                        <Var Name="PlayerInteractCallbackAutoRemove" Value="false" />
                        <Var Name="CustomSubItemTypeName" Value="" />
                    </UserVariables>
                </Entity>
                <Entity Active="true" FileIndex="28" Group="0" ID="133" Name="tinderbox_2" Rotation="0 0 0" Scale="1 1 1" Tag="" WorldPos="14.8854 0.205766 4.64763">
                    <UserVariables>
                        <Var Name="CastShadows" Value="true" />
                        <Var Name="StaticPhysics" Value="false" />
                        <Var Name="IsAffectedByDecal" Value="false" />
                        <Var Name="CallbackFunc" Value="" />
                        <Var Name="ConnectedProps" Value="" />
                        <Var Name="ConnectionStateChangeCallback" Value="" />
                        <Var Name="FullGameSave" Value="false" />
                        <Var Name="PlayerLookAtCallback" Value="" />
                        <Var Name="PlayerLookAtCallbackAutoRemove" Value="false" />
                        <Var Name="PlayerInteractCallback" Value="" />
                        <Var Name="PlayerInteractCallbackAutoRemove" Value="false" />
                        <Var Name="CustomSubItemTypeName" Value="" />
                    </UserVariables>
                </Entity>
                <Entity Active="true" FileIndex="4" Group="0" ID="137" Name="LabNote" Rotation="3.14159 -1.309 3.14159" Scale="1 1 1" Tag="" WorldPos="15.0251 1 3.97113">
                    <UserVariables>
                        <Var Name="CastShadows" Value="true" />
                        <Var Name="StaticPhysics" Value="false" />
                        <Var Name="IsAffectedByDecal" Value="false" />
                        <Var Name="CallbackFunc" Value="" />
                        <Var Name="ConnectedProps" Value="" />
                        <Var Name="ConnectionStateChangeCallback" Value="" />
                        <Var Name="FullGameSave" Value="false" />
                        <Var Name="PlayerLookAtCallback" Value="" />
                        <Var Name="PlayerLookAtCallbackAutoRemove" Value="false" />
                        <Var Name="PlayerInteractCallback" Value="" />
                        <Var Name="PlayerInteractCallbackAutoRemove" Value="false" />
                        <Var Name="CustomSubItemTypeName" Value="" />
                        <Var Name="NoteText" Value="LabNote" />
                        <Var Name="OpenNoteInJournal" Value="true" />
                        <Var Name="UseNarration" Value="false" />
                    </UserVariables>
                </Entity>
                <Entity Active="true" FileIndex="29" Group="0" ID="139" Name="LevelKitchen" Rotation="3.14159 4.44253e-006 3.14159" Scale="1 1 1" Tag="" WorldPos="13.97 0 8">
                    <UserVariables>
                        <Var Name="CastShadows" Value="true" />
                        <Var Name="StaticPhysics" Value="false" />
                        <Var Name="IsAffectedByDecal" Value="false" />
                        <Var Name="CallbackFunc" Value="" />
                        <Var Name="ConnectedProps" Value="" />
                        <Var Name="ConnectionStateChangeCallback" Value="" />
                        <Var Name="FullGameSave" Value="false" />
                        <Var Name="PlayerLookAtCallback" Value="" />
                        <Var Name="PlayerLookAtCallbackAutoRemove" Value="false" />
                        <Var Name="PlayerInteractCallback" Value="" />
                        <Var Name="PlayerInteractCallbackAutoRemove" Value="false" />
                        <Var Name="TextEntry" Value="Diner" />
                        <Var Name="StartPos" Value="PlayerStartArea_1" />
                        <Var Name="MapFile" Value="C:/Program Files/Amnesia - The Dark Descent/redist/custom_stories/Death Factor/maps/Level2.map" />
                        <Var Name="Locked" Value="false" />
                        <Var Name="LockedSound" Value="" />
                        <Var Name="LockedTextCat" Value="" />
                        <Var Name="LockedTextEntry" Value="" />
                        <Var Name="ShowStats" Value="true" />
                    </UserVariables>
                </Entity>
                <Entity Active="true" FileIndex="6" Group="0" ID="146" Name="ink_bottle_4" Rotation="3.14159 0.785398 3.14159" Scale="1 1 1" Tag="" WorldPos="15 1.06394 3.5">
                    <UserVariables>
                        <Var Name="CastShadows" Value="true" />
                        <Var Name="StaticPhysics" Value="false" />
                        <Var Name="IsAffectedByDecal" Value="false" />
                        <Var Name="CallbackFunc" Value="" />
                        <Var Name="ConnectedProps" Value="" />
                        <Var Name="ConnectionStateChangeCallback" Value="" />
                        <Var Name="FullGameSave" Value="false" />
                        <Var Name="PlayerLookAtCallback" Value="" />
                        <Var Name="PlayerLookAtCallbackAutoRemove" Value="false" />
                        <Var Name="PlayerInteractCallback" Value="" />
                        <Var Name="PlayerInteractCallbackAutoRemove" Value="false" />
                        <Var Name="ContainedItem" Value="None" />
                        <Var Name="DisableBreakable" Value="false" />
                        <Var Name="IsInsanityVision" Value="false" />
                        <Var Name="VisionMaxSanity" Value="30" />
                    </UserVariables>
                </Entity>
                <Entity Active="true" FileIndex="31" Group="0" ID="147" Name="paperpile01_1" Rotation="3.14159 1.309 3.14159" Scale="1 1 1" Tag="" WorldPos="15.4928 1 4.49246">
                    <UserVariables>
                        <Var Name="CastShadows" Value="true" />
                        <Var Name="IsAffectedByDecal" Value="true" />
                    </UserVariables>
                </Entity>
                <Entity Active="true" FileIndex="23" Group="0" ID="148" Name="paperpile02_3" Rotation="3.14159 1.309 3.14159" Scale="1 1 1" Tag="" WorldPos="15.4231 1 2.99252">
                    <UserVariables>
                        <Var Name="CastShadows" Value="true" />
                        <Var Name="IsAffectedByDecal" Value="true" />
                    </UserVariables>
                </Entity>
                <Entity Active="true" FileIndex="32" Group="0" ID="150" Name="paper01_1" Rotation="3.14159 1.309 3.14159" Scale="1 1 1" Tag="" WorldPos="15.079 1 2.8436">
                    <UserVariables>
                        <Var Name="CastShadows" Value="true" />
                        <Var Name="IsAffectedByDecal" Value="true" />
                    </UserVariables>
                </Entity>
                <Entity Active="true" FileIndex="32" Group="0" ID="152" Name="paper01_3" Rotation="3.14159 1.309 3.14159" Scale="1 1 1" Tag="" WorldPos="15.0393 1 3.02995">
                    <UserVariables>
                        <Var Name="CastShadows" Value="true" />
                        <Var Name="IsAffectedByDecal" Value="true" />
                    </UserVariables>
                </Entity>
                <Entity Active="true" FileIndex="30" Group="0" ID="155" Name="paper03_3" Rotation="0 1.0472 0" Scale="1 1 1" Tag="" WorldPos="14.9443 1 4.71035">
                    <UserVariables>
                        <Var Name="CastShadows" Value="true" />
                        <Var Name="IsAffectedByDecal" Value="true" />
                    </UserVariables>
                </Entity>
                <Entity Active="true" FileIndex="30" Group="0" ID="156" Name="paper03_4" Rotation="3.14159 0.523599 3.14159" Scale="1 1 1" Tag="" WorldPos="15.577 1 3.5492">
                    <UserVariables>
                        <Var Name="CastShadows" Value="true" />
                        <Var Name="IsAffectedByDecal" Value="true" />
                    </UserVariables>
                </Entity>
                <Area Active="true" AreaType="PlayerStart" Group="0" ID="159" Mesh="" Name="PlayerStartArea_2" Rotation="0 0 0" Scale="1 1 1" Tag="" WorldPos="13.9293 0.648854 7.15707">
                    <UserVariables />
                </Area>
            </Entities>
            <Misc />
            <StaticObjectCombos />
        </MapContents>
    </MapData>
</Level>
